// Vitest Snapshot v1, https://vitest.dev/guide/snapshot.html

exports[`Search component renders correctly 1`] = `<Search />`;
